// Jest Snapshot v1, https://goo.gl/fbAQLP

exports[`<ResultWrapper /> tests should match snapshot 1`] = `
.c0 {
  margin-bottom: 20px;
}

<div
  className="c0"
/>
`;
