// Jest Snapshot v1, https://goo.gl/fbAQLP

exports[`<Button /> tests should match snapshot 1`] = `
<Button
  classes={
    Object {
      "colorInherit": "MuiButton-colorInherit-22",
      "contained": "MuiButton-contained-12",
      "containedPrimary": "MuiButton-containedPrimary-13",
      "containedSecondary": "MuiButton-containedSecondary-14",
      "disabled": "MuiButton-disabled-21",
      "extendedFab": "MuiButton-extendedFab-19",
      "fab": "MuiButton-fab-18",
      "flat": "MuiButton-flat-6",
      "flatPrimary": "MuiButton-flatPrimary-7",
      "flatSecondary": "MuiButton-flatSecondary-8",
      "focusVisible": "MuiButton-focusVisible-20",
      "fullWidth": "MuiButton-fullWidth-26",
      "label": "MuiButton-label-2",
      "mini": "MuiButton-mini-23",
      "outlined": "MuiButton-outlined-9",
      "outlinedPrimary": "MuiButton-outlinedPrimary-10",
      "outlinedSecondary": "MuiButton-outlinedSecondary-11",
      "raised": "MuiButton-raised-15",
      "raisedPrimary": "MuiButton-raisedPrimary-16",
      "raisedSecondary": "MuiButton-raisedSecondary-17",
      "root": "MuiButton-root-1",
      "sizeLarge": "MuiButton-sizeLarge-25",
      "sizeSmall": "MuiButton-sizeSmall-24",
      "text": "MuiButton-text-3",
      "textPrimary": "MuiButton-textPrimary-4",
      "textSecondary": "MuiButton-textSecondary-5",
    }
  }
  color="primary"
  component="button"
  disableFocusRipple={false}
  disabled={false}
  fullWidth={false}
  mini={false}
  size="medium"
  type="button"
  variant="text"
>
  sample
</Button>
`;
